--------------------------------------------------------------------------------
Release 14.7 Trace  (nt64)
Copyright (c) 1995-2013 Xilinx, Inc.  All rights reserved.

C:\Xilinx\14.7\ISE_DS\ISE\bin\nt64\unwrapped\trce.exe -intstyle ise -v 3 -s 5
-n 3 -fastpaths -xml vga_sch.twx vga_sch.ncd -o vga_sch.twr vga_sch.pcf -ucf
GenIO.ucf

Design file:              vga_sch.ncd
Physical constraint file: vga_sch.pcf
Device,package,speed:     xc3s500e,fg320,-5 (PRODUCTION 1.27 2013-10-13)
Report level:             verbose report

Environment Variable      Effect 
--------------------      ------ 
NONE                      No environment variables were set
--------------------------------------------------------------------------------

INFO:Timing:3412 - To improve timing, see the Timing Closure User Guide (UG612).
INFO:Timing:2752 - To get complete path coverage, use the unconstrained paths 
   option. All paths that are not constrained will be reported in the 
   unconstrained paths section(s) of the report.
INFO:Timing:3339 - The clock-to-out numbers in this timing report are based on 
   a 50 Ohm transmission line loading model.  For the details of this model, 
   and for more information on accounting for different loading conditions, 
   please see the device datasheet.
INFO:Timing:3390 - This architecture does not support a default System Jitter 
   value, please add SYSTEM_JITTER constraint to the UCF to modify the Clock 
   Uncertainty calculation.
INFO:Timing:3389 - This architecture does not support 'Discrete Jitter' and 
   'Phase Error' calculations, these terms will be zero in the Clock 
   Uncertainty calculation.  Please make appropriate modification to 
   SYSTEM_JITTER to account for the unsupported Discrete Jitter and Phase 
   Error.

================================================================================
Timing constraint: NET "Clk_50Mhz_BUFGP/IBUFG" PERIOD = 20 ns HIGH 50%;
For more information, see Period Analysis in the Timing Closure User Guide (UG612).

 632 paths analyzed, 71 endpoints analyzed, 0 failing endpoints
 0 timing errors detected. (0 setup errors, 0 hold errors, 0 component switching limit errors)
 Minimum period is   7.014ns.
--------------------------------------------------------------------------------

Paths for end point XLXI_2/small_clk (SLICE_X29Y40.CE), 20 paths
--------------------------------------------------------------------------------
Slack (setup path):     12.986ns (requirement - (data path - clock path skew + uncertainty))
  Source:               XLXI_2/counter_9 (FF)
  Destination:          XLXI_2/small_clk (FF)
  Requirement:          20.000ns
  Data Path Delay:      7.014ns (Levels of Logic = 4)
  Clock Path Skew:      0.000ns
  Source Clock:         Clk_50Mhz_BUFGP rising at 0.000ns
  Destination Clock:    Clk_50Mhz_BUFGP rising at 20.000ns
  Clock Uncertainty:    0.000ns

  Maximum Data Path: XLXI_2/counter_9 to XLXI_2/small_clk
    Location             Delay type         Delay(ns)  Physical Resource
                                                       Logical Resource(s)
    -------------------------------------------------  -------------------
    SLICE_X23Y85.YQ      Tcko                  0.511   XLXI_2/counter<8>
                                                       XLXI_2/counter_9
    SLICE_X25Y85.G2      net (fanout=2)        1.097   XLXI_2/counter<9>
    SLICE_X25Y85.COUT    Topcyg                0.871   XLXI_2/Mcompar_small_clk_cmp_gt0000_cy<5>
                                                       XLXI_2/Mcompar_small_clk_cmp_gt0000_lut<5>
                                                       XLXI_2/Mcompar_small_clk_cmp_gt0000_cy<5>
    SLICE_X25Y86.CIN     net (fanout=1)        0.000   XLXI_2/Mcompar_small_clk_cmp_gt0000_cy<5>
    SLICE_X25Y86.COUT    Tbyp                  0.103   XLXI_2/Mcompar_small_clk_cmp_gt0000_cy<7>
                                                       XLXI_2/Mcompar_small_clk_cmp_gt0000_cy<6>
                                                       XLXI_2/Mcompar_small_clk_cmp_gt0000_cy<7>
    SLICE_X25Y87.CIN     net (fanout=1)        0.000   XLXI_2/Mcompar_small_clk_cmp_gt0000_cy<7>
    SLICE_X25Y87.COUT    Tbyp                  0.103   XLXI_2/Mcompar_small_clk_cmp_gt0000_cy<9>
                                                       XLXI_2/Mcompar_small_clk_cmp_gt0000_cy<8>
                                                       XLXI_2/Mcompar_small_clk_cmp_gt0000_cy<9>
    SLICE_X25Y88.CIN     net (fanout=1)        0.000   XLXI_2/Mcompar_small_clk_cmp_gt0000_cy<9>
    SLICE_X25Y88.COUT    Tbyp                  0.103   XLXI_2/Mcompar_small_clk_cmp_gt0000_cy<11>
                                                       XLXI_2/Mcompar_small_clk_cmp_gt0000_cy<10>
                                                       XLXI_2/Mcompar_small_clk_cmp_gt0000_cy<11>
    SLICE_X29Y40.CE      net (fanout=11)       3.743   XLXI_2/Mcompar_small_clk_cmp_gt0000_cy<11>
    SLICE_X29Y40.CLK     Tceck                 0.483   XLXI_2/small_clk
                                                       XLXI_2/small_clk
    -------------------------------------------------  ---------------------------
    Total                                      7.014ns (2.174ns logic, 4.840ns route)
                                                       (31.0% logic, 69.0% route)

--------------------------------------------------------------------------------
Slack (setup path):     13.125ns (requirement - (data path - clock path skew + uncertainty))
  Source:               XLXI_2/counter_1 (FF)
  Destination:          XLXI_2/small_clk (FF)
  Requirement:          20.000ns
  Data Path Delay:      6.875ns (Levels of Logic = 6)
  Clock Path Skew:      0.000ns
  Source Clock:         Clk_50Mhz_BUFGP rising at 0.000ns
  Destination Clock:    Clk_50Mhz_BUFGP rising at 20.000ns
  Clock Uncertainty:    0.000ns

  Maximum Data Path: XLXI_2/counter_1 to XLXI_2/small_clk
    Location             Delay type         Delay(ns)  Physical Resource
                                                       Logical Resource(s)
    -------------------------------------------------  -------------------
    SLICE_X23Y81.YQ      Tcko                  0.511   XLXI_2/counter<0>
                                                       XLXI_2/counter_1
    SLICE_X25Y83.G1      net (fanout=2)        0.752   XLXI_2/counter<1>
    SLICE_X25Y83.COUT    Topcyg                0.871   XLXI_2/Mcompar_small_clk_cmp_gt0000_cy<1>
                                                       XLXI_2/Mcompar_small_clk_cmp_gt0000_lut<1>
                                                       XLXI_2/Mcompar_small_clk_cmp_gt0000_cy<1>
    SLICE_X25Y84.CIN     net (fanout=1)        0.000   XLXI_2/Mcompar_small_clk_cmp_gt0000_cy<1>
    SLICE_X25Y84.COUT    Tbyp                  0.103   XLXI_2/Mcompar_small_clk_cmp_gt0000_cy<3>
                                                       XLXI_2/Mcompar_small_clk_cmp_gt0000_cy<2>
                                                       XLXI_2/Mcompar_small_clk_cmp_gt0000_cy<3>
    SLICE_X25Y85.CIN     net (fanout=1)        0.000   XLXI_2/Mcompar_small_clk_cmp_gt0000_cy<3>
    SLICE_X25Y85.COUT    Tbyp                  0.103   XLXI_2/Mcompar_small_clk_cmp_gt0000_cy<5>
                                                       XLXI_2/Mcompar_small_clk_cmp_gt0000_cy<4>
                                                       XLXI_2/Mcompar_small_clk_cmp_gt0000_cy<5>
    SLICE_X25Y86.CIN     net (fanout=1)        0.000   XLXI_2/Mcompar_small_clk_cmp_gt0000_cy<5>
    SLICE_X25Y86.COUT    Tbyp                  0.103   XLXI_2/Mcompar_small_clk_cmp_gt0000_cy<7>
                                                       XLXI_2/Mcompar_small_clk_cmp_gt0000_cy<6>
                                                       XLXI_2/Mcompar_small_clk_cmp_gt0000_cy<7>
    SLICE_X25Y87.CIN     net (fanout=1)        0.000   XLXI_2/Mcompar_small_clk_cmp_gt0000_cy<7>
    SLICE_X25Y87.COUT    Tbyp                  0.103   XLXI_2/Mcompar_small_clk_cmp_gt0000_cy<9>
                                                       XLXI_2/Mcompar_small_clk_cmp_gt0000_cy<8>
                                                       XLXI_2/Mcompar_small_clk_cmp_gt0000_cy<9>
    SLICE_X25Y88.CIN     net (fanout=1)        0.000   XLXI_2/Mcompar_small_clk_cmp_gt0000_cy<9>
    SLICE_X25Y88.COUT    Tbyp                  0.103   XLXI_2/Mcompar_small_clk_cmp_gt0000_cy<11>
                                                       XLXI_2/Mcompar_small_clk_cmp_gt0000_cy<10>
                                                       XLXI_2/Mcompar_small_clk_cmp_gt0000_cy<11>
    SLICE_X29Y40.CE      net (fanout=11)       3.743   XLXI_2/Mcompar_small_clk_cmp_gt0000_cy<11>
    SLICE_X29Y40.CLK     Tceck                 0.483   XLXI_2/small_clk
                                                       XLXI_2/small_clk
    -------------------------------------------------  ---------------------------
    Total                                      6.875ns (2.380ns logic, 4.495ns route)
                                                       (34.6% logic, 65.4% route)

--------------------------------------------------------------------------------
Slack (setup path):     13.163ns (requirement - (data path - clock path skew + uncertainty))
  Source:               XLXI_2/counter_5 (FF)
  Destination:          XLXI_2/small_clk (FF)
  Requirement:          20.000ns
  Data Path Delay:      6.837ns (Levels of Logic = 5)
  Clock Path Skew:      0.000ns
  Source Clock:         Clk_50Mhz_BUFGP rising at 0.000ns
  Destination Clock:    Clk_50Mhz_BUFGP rising at 20.000ns
  Clock Uncertainty:    0.000ns

  Maximum Data Path: XLXI_2/counter_5 to XLXI_2/small_clk
    Location             Delay type         Delay(ns)  Physical Resource
                                                       Logical Resource(s)
    -------------------------------------------------  -------------------
    SLICE_X23Y83.YQ      Tcko                  0.511   XLXI_2/counter<4>
                                                       XLXI_2/counter_5
    SLICE_X25Y84.G3      net (fanout=2)        0.817   XLXI_2/counter<5>
    SLICE_X25Y84.COUT    Topcyg                0.871   XLXI_2/Mcompar_small_clk_cmp_gt0000_cy<3>
                                                       XLXI_2/Mcompar_small_clk_cmp_gt0000_lut<3>
                                                       XLXI_2/Mcompar_small_clk_cmp_gt0000_cy<3>
    SLICE_X25Y85.CIN     net (fanout=1)        0.000   XLXI_2/Mcompar_small_clk_cmp_gt0000_cy<3>
    SLICE_X25Y85.COUT    Tbyp                  0.103   XLXI_2/Mcompar_small_clk_cmp_gt0000_cy<5>
                                                       XLXI_2/Mcompar_small_clk_cmp_gt0000_cy<4>
                                                       XLXI_2/Mcompar_small_clk_cmp_gt0000_cy<5>
    SLICE_X25Y86.CIN     net (fanout=1)        0.000   XLXI_2/Mcompar_small_clk_cmp_gt0000_cy<5>
    SLICE_X25Y86.COUT    Tbyp                  0.103   XLXI_2/Mcompar_small_clk_cmp_gt0000_cy<7>
                                                       XLXI_2/Mcompar_small_clk_cmp_gt0000_cy<6>
                                                       XLXI_2/Mcompar_small_clk_cmp_gt0000_cy<7>
    SLICE_X25Y87.CIN     net (fanout=1)        0.000   XLXI_2/Mcompar_small_clk_cmp_gt0000_cy<7>
    SLICE_X25Y87.COUT    Tbyp                  0.103   XLXI_2/Mcompar_small_clk_cmp_gt0000_cy<9>
                                                       XLXI_2/Mcompar_small_clk_cmp_gt0000_cy<8>
                                                       XLXI_2/Mcompar_small_clk_cmp_gt0000_cy<9>
    SLICE_X25Y88.CIN     net (fanout=1)        0.000   XLXI_2/Mcompar_small_clk_cmp_gt0000_cy<9>
    SLICE_X25Y88.COUT    Tbyp                  0.103   XLXI_2/Mcompar_small_clk_cmp_gt0000_cy<11>
                                                       XLXI_2/Mcompar_small_clk_cmp_gt0000_cy<10>
                                                       XLXI_2/Mcompar_small_clk_cmp_gt0000_cy<11>
    SLICE_X29Y40.CE      net (fanout=11)       3.743   XLXI_2/Mcompar_small_clk_cmp_gt0000_cy<11>
    SLICE_X29Y40.CLK     Tceck                 0.483   XLXI_2/small_clk
                                                       XLXI_2/small_clk
    -------------------------------------------------  ---------------------------
    Total                                      6.837ns (2.277ns logic, 4.560ns route)
                                                       (33.3% logic, 66.7% route)

--------------------------------------------------------------------------------

Paths for end point XLXI_2/counter_10 (SLICE_X23Y86.SR), 20 paths
--------------------------------------------------------------------------------
Slack (setup path):     15.156ns (requirement - (data path - clock path skew + uncertainty))
  Source:               XLXI_2/counter_9 (FF)
  Destination:          XLXI_2/counter_10 (FF)
  Requirement:          20.000ns
  Data Path Delay:      4.844ns (Levels of Logic = 4)
  Clock Path Skew:      0.000ns
  Source Clock:         Clk_50Mhz_BUFGP rising at 0.000ns
  Destination Clock:    Clk_50Mhz_BUFGP rising at 20.000ns
  Clock Uncertainty:    0.000ns

  Maximum Data Path: XLXI_2/counter_9 to XLXI_2/counter_10
    Location             Delay type         Delay(ns)  Physical Resource
                                                       Logical Resource(s)
    -------------------------------------------------  -------------------
    SLICE_X23Y85.YQ      Tcko                  0.511   XLXI_2/counter<8>
                                                       XLXI_2/counter_9
    SLICE_X25Y85.G2      net (fanout=2)        1.097   XLXI_2/counter<9>
    SLICE_X25Y85.COUT    Topcyg                0.871   XLXI_2/Mcompar_small_clk_cmp_gt0000_cy<5>
                                                       XLXI_2/Mcompar_small_clk_cmp_gt0000_lut<5>
                                                       XLXI_2/Mcompar_small_clk_cmp_gt0000_cy<5>
    SLICE_X25Y86.CIN     net (fanout=1)        0.000   XLXI_2/Mcompar_small_clk_cmp_gt0000_cy<5>
    SLICE_X25Y86.COUT    Tbyp                  0.103   XLXI_2/Mcompar_small_clk_cmp_gt0000_cy<7>
                                                       XLXI_2/Mcompar_small_clk_cmp_gt0000_cy<6>
                                                       XLXI_2/Mcompar_small_clk_cmp_gt0000_cy<7>
    SLICE_X25Y87.CIN     net (fanout=1)        0.000   XLXI_2/Mcompar_small_clk_cmp_gt0000_cy<7>
    SLICE_X25Y87.COUT    Tbyp                  0.103   XLXI_2/Mcompar_small_clk_cmp_gt0000_cy<9>
                                                       XLXI_2/Mcompar_small_clk_cmp_gt0000_cy<8>
                                                       XLXI_2/Mcompar_small_clk_cmp_gt0000_cy<9>
    SLICE_X25Y88.CIN     net (fanout=1)        0.000   XLXI_2/Mcompar_small_clk_cmp_gt0000_cy<9>
    SLICE_X25Y88.COUT    Tbyp                  0.103   XLXI_2/Mcompar_small_clk_cmp_gt0000_cy<11>
                                                       XLXI_2/Mcompar_small_clk_cmp_gt0000_cy<10>
                                                       XLXI_2/Mcompar_small_clk_cmp_gt0000_cy<11>
    SLICE_X23Y86.SR      net (fanout=11)       1.262   XLXI_2/Mcompar_small_clk_cmp_gt0000_cy<11>
    SLICE_X23Y86.CLK     Tsrck                 0.794   XLXI_2/counter<10>
                                                       XLXI_2/counter_10
    -------------------------------------------------  ---------------------------
    Total                                      4.844ns (2.485ns logic, 2.359ns route)
                                                       (51.3% logic, 48.7% route)

--------------------------------------------------------------------------------
Slack (setup path):     15.295ns (requirement - (data path - clock path skew + uncertainty))
  Source:               XLXI_2/counter_1 (FF)
  Destination:          XLXI_2/counter_10 (FF)
  Requirement:          20.000ns
  Data Path Delay:      4.705ns (Levels of Logic = 6)
  Clock Path Skew:      0.000ns
  Source Clock:         Clk_50Mhz_BUFGP rising at 0.000ns
  Destination Clock:    Clk_50Mhz_BUFGP rising at 20.000ns
  Clock Uncertainty:    0.000ns

  Maximum Data Path: XLXI_2/counter_1 to XLXI_2/counter_10
    Location             Delay type         Delay(ns)  Physical Resource
                                                       Logical Resource(s)
    -------------------------------------------------  -------------------
    SLICE_X23Y81.YQ      Tcko                  0.511   XLXI_2/counter<0>
                                                       XLXI_2/counter_1
    SLICE_X25Y83.G1      net (fanout=2)        0.752   XLXI_2/counter<1>
    SLICE_X25Y83.COUT    Topcyg                0.871   XLXI_2/Mcompar_small_clk_cmp_gt0000_cy<1>
                                                       XLXI_2/Mcompar_small_clk_cmp_gt0000_lut<1>
                                                       XLXI_2/Mcompar_small_clk_cmp_gt0000_cy<1>
    SLICE_X25Y84.CIN     net (fanout=1)        0.000   XLXI_2/Mcompar_small_clk_cmp_gt0000_cy<1>
    SLICE_X25Y84.COUT    Tbyp                  0.103   XLXI_2/Mcompar_small_clk_cmp_gt0000_cy<3>
                                                       XLXI_2/Mcompar_small_clk_cmp_gt0000_cy<2>
                                                       XLXI_2/Mcompar_small_clk_cmp_gt0000_cy<3>
    SLICE_X25Y85.CIN     net (fanout=1)        0.000   XLXI_2/Mcompar_small_clk_cmp_gt0000_cy<3>
    SLICE_X25Y85.COUT    Tbyp                  0.103   XLXI_2/Mcompar_small_clk_cmp_gt0000_cy<5>
                                                       XLXI_2/Mcompar_small_clk_cmp_gt0000_cy<4>
                                                       XLXI_2/Mcompar_small_clk_cmp_gt0000_cy<5>
    SLICE_X25Y86.CIN     net (fanout=1)        0.000   XLXI_2/Mcompar_small_clk_cmp_gt0000_cy<5>
    SLICE_X25Y86.COUT    Tbyp                  0.103   XLXI_2/Mcompar_small_clk_cmp_gt0000_cy<7>
                                                       XLXI_2/Mcompar_small_clk_cmp_gt0000_cy<6>
                                                       XLXI_2/Mcompar_small_clk_cmp_gt0000_cy<7>
    SLICE_X25Y87.CIN     net (fanout=1)        0.000   XLXI_2/Mcompar_small_clk_cmp_gt0000_cy<7>
    SLICE_X25Y87.COUT    Tbyp                  0.103   XLXI_2/Mcompar_small_clk_cmp_gt0000_cy<9>
                                                       XLXI_2/Mcompar_small_clk_cmp_gt0000_cy<8>
                                                       XLXI_2/Mcompar_small_clk_cmp_gt0000_cy<9>
    SLICE_X25Y88.CIN     net (fanout=1)        0.000   XLXI_2/Mcompar_small_clk_cmp_gt0000_cy<9>
    SLICE_X25Y88.COUT    Tbyp                  0.103   XLXI_2/Mcompar_small_clk_cmp_gt0000_cy<11>
                                                       XLXI_2/Mcompar_small_clk_cmp_gt0000_cy<10>
                                                       XLXI_2/Mcompar_small_clk_cmp_gt0000_cy<11>
    SLICE_X23Y86.SR      net (fanout=11)       1.262   XLXI_2/Mcompar_small_clk_cmp_gt0000_cy<11>
    SLICE_X23Y86.CLK     Tsrck                 0.794   XLXI_2/counter<10>
                                                       XLXI_2/counter_10
    -------------------------------------------------  ---------------------------
    Total                                      4.705ns (2.691ns logic, 2.014ns route)
                                                       (57.2% logic, 42.8% route)

--------------------------------------------------------------------------------
Slack (setup path):     15.333ns (requirement - (data path - clock path skew + uncertainty))
  Source:               XLXI_2/counter_5 (FF)
  Destination:          XLXI_2/counter_10 (FF)
  Requirement:          20.000ns
  Data Path Delay:      4.667ns (Levels of Logic = 5)
  Clock Path Skew:      0.000ns
  Source Clock:         Clk_50Mhz_BUFGP rising at 0.000ns
  Destination Clock:    Clk_50Mhz_BUFGP rising at 20.000ns
  Clock Uncertainty:    0.000ns

  Maximum Data Path: XLXI_2/counter_5 to XLXI_2/counter_10
    Location             Delay type         Delay(ns)  Physical Resource
                                                       Logical Resource(s)
    -------------------------------------------------  -------------------
    SLICE_X23Y83.YQ      Tcko                  0.511   XLXI_2/counter<4>
                                                       XLXI_2/counter_5
    SLICE_X25Y84.G3      net (fanout=2)        0.817   XLXI_2/counter<5>
    SLICE_X25Y84.COUT    Topcyg                0.871   XLXI_2/Mcompar_small_clk_cmp_gt0000_cy<3>
                                                       XLXI_2/Mcompar_small_clk_cmp_gt0000_lut<3>
                                                       XLXI_2/Mcompar_small_clk_cmp_gt0000_cy<3>
    SLICE_X25Y85.CIN     net (fanout=1)        0.000   XLXI_2/Mcompar_small_clk_cmp_gt0000_cy<3>
    SLICE_X25Y85.COUT    Tbyp                  0.103   XLXI_2/Mcompar_small_clk_cmp_gt0000_cy<5>
                                                       XLXI_2/Mcompar_small_clk_cmp_gt0000_cy<4>
                                                       XLXI_2/Mcompar_small_clk_cmp_gt0000_cy<5>
    SLICE_X25Y86.CIN     net (fanout=1)        0.000   XLXI_2/Mcompar_small_clk_cmp_gt0000_cy<5>
    SLICE_X25Y86.COUT    Tbyp                  0.103   XLXI_2/Mcompar_small_clk_cmp_gt0000_cy<7>
                                                       XLXI_2/Mcompar_small_clk_cmp_gt0000_cy<6>
                                                       XLXI_2/Mcompar_small_clk_cmp_gt0000_cy<7>
    SLICE_X25Y87.CIN     net (fanout=1)        0.000   XLXI_2/Mcompar_small_clk_cmp_gt0000_cy<7>
    SLICE_X25Y87.COUT    Tbyp                  0.103   XLXI_2/Mcompar_small_clk_cmp_gt0000_cy<9>
                                                       XLXI_2/Mcompar_small_clk_cmp_gt0000_cy<8>
                                                       XLXI_2/Mcompar_small_clk_cmp_gt0000_cy<9>
    SLICE_X25Y88.CIN     net (fanout=1)        0.000   XLXI_2/Mcompar_small_clk_cmp_gt0000_cy<9>
    SLICE_X25Y88.COUT    Tbyp                  0.103   XLXI_2/Mcompar_small_clk_cmp_gt0000_cy<11>
                                                       XLXI_2/Mcompar_small_clk_cmp_gt0000_cy<10>
                                                       XLXI_2/Mcompar_small_clk_cmp_gt0000_cy<11>
    SLICE_X23Y86.SR      net (fanout=11)       1.262   XLXI_2/Mcompar_small_clk_cmp_gt0000_cy<11>
    SLICE_X23Y86.CLK     Tsrck                 0.794   XLXI_2/counter<10>
                                                       XLXI_2/counter_10
    -------------------------------------------------  ---------------------------
    Total                                      4.667ns (2.588ns logic, 2.079ns route)
                                                       (55.5% logic, 44.5% route)

--------------------------------------------------------------------------------

Paths for end point XLXI_2/counter_11 (SLICE_X23Y86.SR), 20 paths
--------------------------------------------------------------------------------
Slack (setup path):     15.156ns (requirement - (data path - clock path skew + uncertainty))
  Source:               XLXI_2/counter_9 (FF)
  Destination:          XLXI_2/counter_11 (FF)
  Requirement:          20.000ns
  Data Path Delay:      4.844ns (Levels of Logic = 4)
  Clock Path Skew:      0.000ns
  Source Clock:         Clk_50Mhz_BUFGP rising at 0.000ns
  Destination Clock:    Clk_50Mhz_BUFGP rising at 20.000ns
  Clock Uncertainty:    0.000ns

  Maximum Data Path: XLXI_2/counter_9 to XLXI_2/counter_11
    Location             Delay type         Delay(ns)  Physical Resource
                                                       Logical Resource(s)
    -------------------------------------------------  -------------------
    SLICE_X23Y85.YQ      Tcko                  0.511   XLXI_2/counter<8>
                                                       XLXI_2/counter_9
    SLICE_X25Y85.G2      net (fanout=2)        1.097   XLXI_2/counter<9>
    SLICE_X25Y85.COUT    Topcyg                0.871   XLXI_2/Mcompar_small_clk_cmp_gt0000_cy<5>
                                                       XLXI_2/Mcompar_small_clk_cmp_gt0000_lut<5>
                                                       XLXI_2/Mcompar_small_clk_cmp_gt0000_cy<5>
    SLICE_X25Y86.CIN     net (fanout=1)        0.000   XLXI_2/Mcompar_small_clk_cmp_gt0000_cy<5>
    SLICE_X25Y86.COUT    Tbyp                  0.103   XLXI_2/Mcompar_small_clk_cmp_gt0000_cy<7>
                                                       XLXI_2/Mcompar_small_clk_cmp_gt0000_cy<6>
                                                       XLXI_2/Mcompar_small_clk_cmp_gt0000_cy<7>
    SLICE_X25Y87.CIN     net (fanout=1)        0.000   XLXI_2/Mcompar_small_clk_cmp_gt0000_cy<7>
    SLICE_X25Y87.COUT    Tbyp                  0.103   XLXI_2/Mcompar_small_clk_cmp_gt0000_cy<9>
                                                       XLXI_2/Mcompar_small_clk_cmp_gt0000_cy<8>
                                                       XLXI_2/Mcompar_small_clk_cmp_gt0000_cy<9>
    SLICE_X25Y88.CIN     net (fanout=1)        0.000   XLXI_2/Mcompar_small_clk_cmp_gt0000_cy<9>
    SLICE_X25Y88.COUT    Tbyp                  0.103   XLXI_2/Mcompar_small_clk_cmp_gt0000_cy<11>
                                                       XLXI_2/Mcompar_small_clk_cmp_gt0000_cy<10>
                                                       XLXI_2/Mcompar_small_clk_cmp_gt0000_cy<11>
    SLICE_X23Y86.SR      net (fanout=11)       1.262   XLXI_2/Mcompar_small_clk_cmp_gt0000_cy<11>
    SLICE_X23Y86.CLK     Tsrck                 0.794   XLXI_2/counter<10>
                                                       XLXI_2/counter_11
    -------------------------------------------------  ---------------------------
    Total                                      4.844ns (2.485ns logic, 2.359ns route)
                                                       (51.3% logic, 48.7% route)

--------------------------------------------------------------------------------
Slack (setup path):     15.295ns (requirement - (data path - clock path skew + uncertainty))
  Source:               XLXI_2/counter_1 (FF)
  Destination:          XLXI_2/counter_11 (FF)
  Requirement:          20.000ns
  Data Path Delay:      4.705ns (Levels of Logic = 6)
  Clock Path Skew:      0.000ns
  Source Clock:         Clk_50Mhz_BUFGP rising at 0.000ns
  Destination Clock:    Clk_50Mhz_BUFGP rising at 20.000ns
  Clock Uncertainty:    0.000ns

  Maximum Data Path: XLXI_2/counter_1 to XLXI_2/counter_11
    Location             Delay type         Delay(ns)  Physical Resource
                                                       Logical Resource(s)
    -------------------------------------------------  -------------------
    SLICE_X23Y81.YQ      Tcko                  0.511   XLXI_2/counter<0>
                                                       XLXI_2/counter_1
    SLICE_X25Y83.G1      net (fanout=2)        0.752   XLXI_2/counter<1>
    SLICE_X25Y83.COUT    Topcyg                0.871   XLXI_2/Mcompar_small_clk_cmp_gt0000_cy<1>
                                                       XLXI_2/Mcompar_small_clk_cmp_gt0000_lut<1>
                                                       XLXI_2/Mcompar_small_clk_cmp_gt0000_cy<1>
    SLICE_X25Y84.CIN     net (fanout=1)        0.000   XLXI_2/Mcompar_small_clk_cmp_gt0000_cy<1>
    SLICE_X25Y84.COUT    Tbyp                  0.103   XLXI_2/Mcompar_small_clk_cmp_gt0000_cy<3>
                                                       XLXI_2/Mcompar_small_clk_cmp_gt0000_cy<2>
                                                       XLXI_2/Mcompar_small_clk_cmp_gt0000_cy<3>
    SLICE_X25Y85.CIN     net (fanout=1)        0.000   XLXI_2/Mcompar_small_clk_cmp_gt0000_cy<3>
    SLICE_X25Y85.COUT    Tbyp                  0.103   XLXI_2/Mcompar_small_clk_cmp_gt0000_cy<5>
                                                       XLXI_2/Mcompar_small_clk_cmp_gt0000_cy<4>
                                                       XLXI_2/Mcompar_small_clk_cmp_gt0000_cy<5>
    SLICE_X25Y86.CIN     net (fanout=1)        0.000   XLXI_2/Mcompar_small_clk_cmp_gt0000_cy<5>
    SLICE_X25Y86.COUT    Tbyp                  0.103   XLXI_2/Mcompar_small_clk_cmp_gt0000_cy<7>
                                                       XLXI_2/Mcompar_small_clk_cmp_gt0000_cy<6>
                                                       XLXI_2/Mcompar_small_clk_cmp_gt0000_cy<7>
    SLICE_X25Y87.CIN     net (fanout=1)        0.000   XLXI_2/Mcompar_small_clk_cmp_gt0000_cy<7>
    SLICE_X25Y87.COUT    Tbyp                  0.103   XLXI_2/Mcompar_small_clk_cmp_gt0000_cy<9>
                                                       XLXI_2/Mcompar_small_clk_cmp_gt0000_cy<8>
                                                       XLXI_2/Mcompar_small_clk_cmp_gt0000_cy<9>
    SLICE_X25Y88.CIN     net (fanout=1)        0.000   XLXI_2/Mcompar_small_clk_cmp_gt0000_cy<9>
    SLICE_X25Y88.COUT    Tbyp                  0.103   XLXI_2/Mcompar_small_clk_cmp_gt0000_cy<11>
                                                       XLXI_2/Mcompar_small_clk_cmp_gt0000_cy<10>
                                                       XLXI_2/Mcompar_small_clk_cmp_gt0000_cy<11>
    SLICE_X23Y86.SR      net (fanout=11)       1.262   XLXI_2/Mcompar_small_clk_cmp_gt0000_cy<11>
    SLICE_X23Y86.CLK     Tsrck                 0.794   XLXI_2/counter<10>
                                                       XLXI_2/counter_11
    -------------------------------------------------  ---------------------------
    Total                                      4.705ns (2.691ns logic, 2.014ns route)
                                                       (57.2% logic, 42.8% route)

--------------------------------------------------------------------------------
Slack (setup path):     15.333ns (requirement - (data path - clock path skew + uncertainty))
  Source:               XLXI_2/counter_5 (FF)
  Destination:          XLXI_2/counter_11 (FF)
  Requirement:          20.000ns
  Data Path Delay:      4.667ns (Levels of Logic = 5)
  Clock Path Skew:      0.000ns
  Source Clock:         Clk_50Mhz_BUFGP rising at 0.000ns
  Destination Clock:    Clk_50Mhz_BUFGP rising at 20.000ns
  Clock Uncertainty:    0.000ns

  Maximum Data Path: XLXI_2/counter_5 to XLXI_2/counter_11
    Location             Delay type         Delay(ns)  Physical Resource
                                                       Logical Resource(s)
    -------------------------------------------------  -------------------
    SLICE_X23Y83.YQ      Tcko                  0.511   XLXI_2/counter<4>
                                                       XLXI_2/counter_5
    SLICE_X25Y84.G3      net (fanout=2)        0.817   XLXI_2/counter<5>
    SLICE_X25Y84.COUT    Topcyg                0.871   XLXI_2/Mcompar_small_clk_cmp_gt0000_cy<3>
                                                       XLXI_2/Mcompar_small_clk_cmp_gt0000_lut<3>
                                                       XLXI_2/Mcompar_small_clk_cmp_gt0000_cy<3>
    SLICE_X25Y85.CIN     net (fanout=1)        0.000   XLXI_2/Mcompar_small_clk_cmp_gt0000_cy<3>
    SLICE_X25Y85.COUT    Tbyp                  0.103   XLXI_2/Mcompar_small_clk_cmp_gt0000_cy<5>
                                                       XLXI_2/Mcompar_small_clk_cmp_gt0000_cy<4>
                                                       XLXI_2/Mcompar_small_clk_cmp_gt0000_cy<5>
    SLICE_X25Y86.CIN     net (fanout=1)        0.000   XLXI_2/Mcompar_small_clk_cmp_gt0000_cy<5>
    SLICE_X25Y86.COUT    Tbyp                  0.103   XLXI_2/Mcompar_small_clk_cmp_gt0000_cy<7>
                                                       XLXI_2/Mcompar_small_clk_cmp_gt0000_cy<6>
                                                       XLXI_2/Mcompar_small_clk_cmp_gt0000_cy<7>
    SLICE_X25Y87.CIN     net (fanout=1)        0.000   XLXI_2/Mcompar_small_clk_cmp_gt0000_cy<7>
    SLICE_X25Y87.COUT    Tbyp                  0.103   XLXI_2/Mcompar_small_clk_cmp_gt0000_cy<9>
                                                       XLXI_2/Mcompar_small_clk_cmp_gt0000_cy<8>
                                                       XLXI_2/Mcompar_small_clk_cmp_gt0000_cy<9>
    SLICE_X25Y88.CIN     net (fanout=1)        0.000   XLXI_2/Mcompar_small_clk_cmp_gt0000_cy<9>
    SLICE_X25Y88.COUT    Tbyp                  0.103   XLXI_2/Mcompar_small_clk_cmp_gt0000_cy<11>
                                                       XLXI_2/Mcompar_small_clk_cmp_gt0000_cy<10>
                                                       XLXI_2/Mcompar_small_clk_cmp_gt0000_cy<11>
    SLICE_X23Y86.SR      net (fanout=11)       1.262   XLXI_2/Mcompar_small_clk_cmp_gt0000_cy<11>
    SLICE_X23Y86.CLK     Tsrck                 0.794   XLXI_2/counter<10>
                                                       XLXI_2/counter_11
    -------------------------------------------------  ---------------------------
    Total                                      4.667ns (2.588ns logic, 2.079ns route)
                                                       (55.5% logic, 44.5% route)

--------------------------------------------------------------------------------

Hold Paths: NET "Clk_50Mhz_BUFGP/IBUFG" PERIOD = 20 ns HIGH 50%;
--------------------------------------------------------------------------------

Paths for end point XLXI_2/small_clk (SLICE_X29Y40.BY), 1 path
--------------------------------------------------------------------------------
Slack (hold path):      0.928ns (requirement - (clock path skew + uncertainty - data path))
  Source:               XLXI_2/small_clk (FF)
  Destination:          XLXI_2/small_clk (FF)
  Requirement:          0.000ns
  Data Path Delay:      0.928ns (Levels of Logic = 0)
  Clock Path Skew:      0.000ns
  Source Clock:         Clk_50Mhz_BUFGP rising at 20.000ns
  Destination Clock:    Clk_50Mhz_BUFGP rising at 20.000ns
  Clock Uncertainty:    0.000ns

  Minimum Data Path: XLXI_2/small_clk to XLXI_2/small_clk
    Location             Delay type         Delay(ns)  Physical Resource
                                                       Logical Resource(s)
    -------------------------------------------------  -------------------
    SLICE_X29Y40.YQ      Tcko                  0.409   XLXI_2/small_clk
                                                       XLXI_2/small_clk
    SLICE_X29Y40.BY      net (fanout=7)        0.402   XLXI_2/small_clk
    SLICE_X29Y40.CLK     Tckdi       (-Th)    -0.117   XLXI_2/small_clk
                                                       XLXI_2/small_clk
    -------------------------------------------------  ---------------------------
    Total                                      0.928ns (0.526ns logic, 0.402ns route)
                                                       (56.7% logic, 43.3% route)

--------------------------------------------------------------------------------

Paths for end point XLXI_2/counter_18 (SLICE_X23Y90.F4), 1 path
--------------------------------------------------------------------------------
Slack (hold path):      1.397ns (requirement - (clock path skew + uncertainty - data path))
  Source:               XLXI_2/counter_18 (FF)
  Destination:          XLXI_2/counter_18 (FF)
  Requirement:          0.000ns
  Data Path Delay:      1.397ns (Levels of Logic = 1)
  Clock Path Skew:      0.000ns
  Source Clock:         Clk_50Mhz_BUFGP rising at 20.000ns
  Destination Clock:    Clk_50Mhz_BUFGP rising at 20.000ns
  Clock Uncertainty:    0.000ns

  Minimum Data Path: XLXI_2/counter_18 to XLXI_2/counter_18
    Location             Delay type         Delay(ns)  Physical Resource
                                                       Logical Resource(s)
    -------------------------------------------------  -------------------
    SLICE_X23Y90.XQ      Tcko                  0.411   XLXI_2/counter<18>
                                                       XLXI_2/counter_18
    SLICE_X23Y90.F4      net (fanout=2)        0.290   XLXI_2/counter<18>
    SLICE_X23Y90.CLK     Tckf        (-Th)    -0.696   XLXI_2/counter<18>
                                                       XLXI_2/counter<18>_rt
                                                       XLXI_2/Mcount_counter_xor<18>
                                                       XLXI_2/counter_18
    -------------------------------------------------  ---------------------------
    Total                                      1.397ns (1.107ns logic, 0.290ns route)
                                                       (79.2% logic, 20.8% route)

--------------------------------------------------------------------------------

Paths for end point XLXI_1/clk_25 (SLICE_X25Y91.SR), 1 path
--------------------------------------------------------------------------------
Slack (hold path):      1.406ns (requirement - (clock path skew + uncertainty - data path))
  Source:               XLXI_1/clk_25 (FF)
  Destination:          XLXI_1/clk_25 (FF)
  Requirement:          0.000ns
  Data Path Delay:      1.406ns (Levels of Logic = 0)
  Clock Path Skew:      0.000ns
  Source Clock:         Clk_50Mhz_BUFGP rising at 20.000ns
  Destination Clock:    Clk_50Mhz_BUFGP rising at 20.000ns
  Clock Uncertainty:    0.000ns

  Minimum Data Path: XLXI_1/clk_25 to XLXI_1/clk_25
    Location             Delay type         Delay(ns)  Physical Resource
                                                       Logical Resource(s)
    -------------------------------------------------  -------------------
    SLICE_X25Y91.YQ      Tcko                  0.409   XLXI_1/clk_251
                                                       XLXI_1/clk_25
    SLICE_X25Y91.SR      net (fanout=2)        0.506   XLXI_1/clk_251
    SLICE_X25Y91.CLK     Tcksr       (-Th)    -0.491   XLXI_1/clk_251
                                                       XLXI_1/clk_25
    -------------------------------------------------  ---------------------------
    Total                                      1.406ns (0.900ns logic, 0.506ns route)
                                                       (64.0% logic, 36.0% route)

--------------------------------------------------------------------------------

Component Switching Limit Checks: NET "Clk_50Mhz_BUFGP/IBUFG" PERIOD = 20 ns HIGH 50%;
--------------------------------------------------------------------------------
Slack: 18.612ns (period - (min low pulse limit / (low pulse / period)))
  Period: 20.000ns
  Low pulse: 10.000ns
  Low pulse limit: 0.694ns (Tcl)
  Physical resource: XLXI_1/clk_251/CLK
  Logical resource: XLXI_1/clk_25/CK
  Location pin: SLICE_X25Y91.CLK
  Clock network: Clk_50Mhz_BUFGP
--------------------------------------------------------------------------------
Slack: 18.612ns (period - (min high pulse limit / (high pulse / period)))
  Period: 20.000ns
  High pulse: 10.000ns
  High pulse limit: 0.694ns (Tch)
  Physical resource: XLXI_1/clk_251/CLK
  Logical resource: XLXI_1/clk_25/CK
  Location pin: SLICE_X25Y91.CLK
  Clock network: Clk_50Mhz_BUFGP
--------------------------------------------------------------------------------
Slack: 18.612ns (period - min period limit)
  Period: 20.000ns
  Min period limit: 1.388ns (720.461MHz) (Tcp)
  Physical resource: XLXI_1/clk_251/CLK
  Logical resource: XLXI_1/clk_25/CK
  Location pin: SLICE_X25Y91.CLK
  Clock network: Clk_50Mhz_BUFGP
--------------------------------------------------------------------------------


All constraints were met.


Data Sheet report:
-----------------
All values displayed in nanoseconds (ns)

Clock to Setup on destination clock Clk_50Mhz
---------------+---------+---------+---------+---------+
               | Src:Rise| Src:Fall| Src:Rise| Src:Fall|
Source Clock   |Dest:Rise|Dest:Rise|Dest:Fall|Dest:Fall|
---------------+---------+---------+---------+---------+
Clk_50Mhz      |    7.014|         |         |         |
---------------+---------+---------+---------+---------+


Timing summary:
---------------

Timing errors: 0  Score: 0  (Setup/Max: 0, Hold: 0)

Constraints cover 632 paths, 0 nets, and 80 connections

Design statistics:
   Minimum period:   7.014ns{1}   (Maximum frequency: 142.572MHz)


------------------------------------Footnotes-----------------------------------
1)  The minimum period statistic assumes all single cycle delays.

Analysis completed Wed May 20 19:46:26 2020 
--------------------------------------------------------------------------------

Trace Settings:
-------------------------
Trace Settings 

Peak Memory Usage: 4526 MB



